Alvo: 31104 versículos (livros: TODOS)
Tabela destino: versiculo_emb_voyage
Já embutidos: 28625. Pendentes: 2479.
  100/2479 (4%)
  aguardando 22000ms (quota)...
  200/2479 (8%)
  aguardando 22000ms (quota)...
  300/2479 (12%)
  aguardando 22000ms (quota)...
  400/2479 (16%)
  aguardando 22000ms (quota)...
  500/2479 (20%)
  aguardando 22000ms (quota)...
  600/2479 (24%)
  aguardando 22000ms (quota)...
  700/2479 (28%)
  aguardando 22000ms (quota)...
  800/2479 (32%)
  aguardando 22000ms (quota)...
  900/2479 (36%)
  aguardando 22000ms (quota)...
  1000/2479 (40%)
  aguardando 22000ms (quota)...
  1100/2479 (44%)
  aguardando 22000ms (quota)...
  1200/2479 (48%)
  aguardando 22000ms (quota)...
  1300/2479 (52%)
  aguardando 22000ms (quota)...
  1400/2479 (56%)
  aguardando 22000ms (quota)...
  retry 1 (TypeError: fetch failed) — esperando 2000ms
  1500/2479 (61%)
  aguardando 22000ms (quota)...
  1600/2479 (65%)
  aguardando 22000ms (quota)...
  1700/2479 (69%)
  aguardando 22000ms (quota)...
  1800/2479 (73%)
  aguardando 22000ms (quota)...
  1900/2479 (77%)
  aguardando 22000ms (quota)...
  2000/2479 (81%)
  aguardando 22000ms (quota)...
  2100/2479 (85%)
  aguardando 22000ms (quota)...
  2200/2479 (89%)
  aguardando 22000ms (quota)...
  2300/2479 (93%)
  aguardando 22000ms (quota)...
  2400/2479 (97%)
  aguardando 22000ms (quota)...
  2479/2479 (100%)
OK. Total no banco: 31104
