Alvo: 31104 versículos (livros: TODOS)
Tabela destino: versiculo_emb_voyage
Já embutidos: 25. Pendentes: 31079.
  100/31079 (0%)
  aguardando 22000ms (quota)...
  200/31079 (1%)
  aguardando 22000ms (quota)...
  300/31079 (1%)
  aguardando 22000ms (quota)...
  400/31079 (1%)
  aguardando 22000ms (quota)...
  500/31079 (2%)
  aguardando 22000ms (quota)...
  600/31079 (2%)
  aguardando 22000ms (quota)...
  700/31079 (2%)
  aguardando 22000ms (quota)...
  800/31079 (3%)
  aguardando 22000ms (quota)...
  900/31079 (3%)
  aguardando 22000ms (quota)...
  1000/31079 (3%)
  aguardando 22000ms (quota)...
  1100/31079 (4%)
  aguardando 22000ms (quota)...
  1200/31079 (4%)
  aguardando 22000ms (quota)...
  1300/31079 (4%)
  aguardando 22000ms (quota)...
  1400/31079 (5%)
  aguardando 22000ms (quota)...
  1500/31079 (5%)
  aguardando 22000ms (quota)...
  1600/31079 (5%)
  aguardando 22000ms (quota)...
  1700/31079 (5%)
  aguardando 22000ms (quota)...
  1800/31079 (6%)
  aguardando 22000ms (quota)...
  1900/31079 (6%)
  aguardando 22000ms (quota)...
  2000/31079 (6%)
  aguardando 22000ms (quota)...
  2100/31079 (7%)
  aguardando 22000ms (quota)...
  2200/31079 (7%)
  aguardando 22000ms (quota)...
  2300/31079 (7%)
  aguardando 22000ms (quota)...
  2400/31079 (8%)
  aguardando 22000ms (quota)...
  2500/31079 (8%)
  aguardando 22000ms (quota)...
  2600/31079 (8%)
  aguardando 22000ms (quota)...
  2700/31079 (9%)
  aguardando 22000ms (quota)...
  2800/31079 (9%)
  aguardando 22000ms (quota)...
  2900/31079 (9%)
  aguardando 22000ms (quota)...
  3000/31079 (10%)
  aguardando 22000ms (quota)...
  3100/31079 (10%)
  aguardando 22000ms (quota)...
  3200/31079 (10%)
  aguardando 22000ms (quota)...
  3300/31079 (11%)
  aguardando 22000ms (quota)...
  3400/31079 (11%)
  aguardando 22000ms (quota)...
  3500/31079 (11%)
  aguardando 22000ms (quota)...
  3600/31079 (12%)
  aguardando 22000ms (quota)...
  3700/31079 (12%)
  aguardando 22000ms (quota)...
  3800/31079 (12%)
  aguardando 22000ms (quota)...
  3900/31079 (13%)
  aguardando 22000ms (quota)...
  4000/31079 (13%)
  aguardando 22000ms (quota)...
  4100/31079 (13%)
  aguardando 22000ms (quota)...
  4200/31079 (14%)
  aguardando 22000ms (quota)...
  4300/31079 (14%)
  aguardando 22000ms (quota)...
  4400/31079 (14%)
  aguardando 22000ms (quota)...
  4500/31079 (14%)
  aguardando 22000ms (quota)...
  4600/31079 (15%)
  aguardando 22000ms (quota)...
  4700/31079 (15%)
  aguardando 22000ms (quota)...
  4800/31079 (15%)
  aguardando 22000ms (quota)...
  4900/31079 (16%)
  aguardando 22000ms (quota)...
  5000/31079 (16%)
  aguardando 22000ms (quota)...
  5100/31079 (16%)
  aguardando 22000ms (quota)...
  5200/31079 (17%)
  aguardando 22000ms (quota)...
  5300/31079 (17%)
  aguardando 22000ms (quota)...
  5400/31079 (17%)
  aguardando 22000ms (quota)...
  5500/31079 (18%)
  aguardando 22000ms (quota)...
  5600/31079 (18%)
  aguardando 22000ms (quota)...
  5700/31079 (18%)
  aguardando 22000ms (quota)...
  5800/31079 (19%)
  aguardando 22000ms (quota)...
  5900/31079 (19%)
  aguardando 22000ms (quota)...
  6000/31079 (19%)
  aguardando 22000ms (quota)...
  6100/31079 (20%)
  aguardando 22000ms (quota)...
  6200/31079 (20%)
  aguardando 22000ms (quota)...
  6300/31079 (20%)
  aguardando 22000ms (quota)...
  6400/31079 (21%)
  aguardando 22000ms (quota)...
  6500/31079 (21%)
  aguardando 22000ms (quota)...
  6600/31079 (21%)
  aguardando 22000ms (quota)...
  6700/31079 (22%)
  aguardando 22000ms (quota)...
  6800/31079 (22%)
  aguardando 22000ms (quota)...
  6900/31079 (22%)
  aguardando 22000ms (quota)...
  7000/31079 (23%)
  aguardando 22000ms (quota)...
  7100/31079 (23%)
  aguardando 22000ms (quota)...
  7200/31079 (23%)
  aguardando 22000ms (quota)...
  7300/31079 (23%)
  aguardando 22000ms (quota)...
  7400/31079 (24%)
  aguardando 22000ms (quota)...
  7500/31079 (24%)
  aguardando 22000ms (quota)...
  7600/31079 (24%)
  aguardando 22000ms (quota)...
  7700/31079 (25%)
  aguardando 22000ms (quota)...
  7800/31079 (25%)
  aguardando 22000ms (quota)...
  7900/31079 (25%)
  aguardando 22000ms (quota)...
  8000/31079 (26%)
  aguardando 22000ms (quota)...
  8100/31079 (26%)
  aguardando 22000ms (quota)...
  8200/31079 (26%)
  aguardando 22000ms (quota)...
  8300/31079 (27%)
  aguardando 22000ms (quota)...
  8400/31079 (27%)
  aguardando 22000ms (quota)...
  8500/31079 (27%)
  aguardando 22000ms (quota)...
  8600/31079 (28%)
  aguardando 22000ms (quota)...
  8700/31079 (28%)
  aguardando 22000ms (quota)...
  8800/31079 (28%)
  aguardando 22000ms (quota)...
  8900/31079 (29%)
  aguardando 22000ms (quota)...
  9000/31079 (29%)
  aguardando 22000ms (quota)...
  9100/31079 (29%)
  aguardando 22000ms (quota)...
  9200/31079 (30%)
  aguardando 22000ms (quota)...
  9300/31079 (30%)
  aguardando 22000ms (quota)...
  9400/31079 (30%)
  aguardando 22000ms (quota)...
  9500/31079 (31%)
  aguardando 22000ms (quota)...
  9600/31079 (31%)
  aguardando 22000ms (quota)...
  9700/31079 (31%)
  aguardando 22000ms (quota)...
  9800/31079 (32%)
  aguardando 22000ms (quota)...
  9900/31079 (32%)
  aguardando 22000ms (quota)...
  10000/31079 (32%)
  aguardando 22000ms (quota)...
  10100/31079 (32%)
  aguardando 22000ms (quota)...
  10200/31079 (33%)
  aguardando 22000ms (quota)...
  10300/31079 (33%)
  aguardando 22000ms (quota)...
  10400/31079 (33%)
  aguardando 22000ms (quota)...
  10500/31079 (34%)
  aguardando 22000ms (quota)...
  10600/31079 (34%)
  aguardando 22000ms (quota)...
  10700/31079 (34%)
  aguardando 22000ms (quota)...
  10800/31079 (35%)
  aguardando 22000ms (quota)...
  10900/31079 (35%)
  aguardando 22000ms (quota)...
  11000/31079 (35%)
  aguardando 22000ms (quota)...
  11100/31079 (36%)
  aguardando 22000ms (quota)...
  11200/31079 (36%)
  aguardando 22000ms (quota)...
  11300/31079 (36%)
  aguardando 22000ms (quota)...
  11400/31079 (37%)
  aguardando 22000ms (quota)...
  11500/31079 (37%)
  aguardando 22000ms (quota)...
  11600/31079 (37%)
  aguardando 22000ms (quota)...
  11700/31079 (38%)
  aguardando 22000ms (quota)...
  11800/31079 (38%)
  aguardando 22000ms (quota)...
  11900/31079 (38%)
  aguardando 22000ms (quota)...
  12000/31079 (39%)
  aguardando 22000ms (quota)...
  12100/31079 (39%)
  aguardando 22000ms (quota)...
  12200/31079 (39%)
  aguardando 22000ms (quota)...
  12300/31079 (40%)
  aguardando 22000ms (quota)...
  12400/31079 (40%)
  aguardando 22000ms (quota)...
  12500/31079 (40%)
  aguardando 22000ms (quota)...
  12600/31079 (41%)
  aguardando 22000ms (quota)...
  12700/31079 (41%)
  aguardando 22000ms (quota)...
  12800/31079 (41%)
  aguardando 22000ms (quota)...
  12900/31079 (42%)
  aguardando 22000ms (quota)...
  13000/31079 (42%)
  aguardando 22000ms (quota)...
  13100/31079 (42%)
  aguardando 22000ms (quota)...
  13200/31079 (42%)
  aguardando 22000ms (quota)...
  13300/31079 (43%)
  aguardando 22000ms (quota)...
  13400/31079 (43%)
  aguardando 22000ms (quota)...
  13500/31079 (43%)
  aguardando 22000ms (quota)...
  13600/31079 (44%)
  aguardando 22000ms (quota)...
  13700/31079 (44%)
  aguardando 22000ms (quota)...
  13800/31079 (44%)
  aguardando 22000ms (quota)...
  13900/31079 (45%)
  aguardando 22000ms (quota)...
  14000/31079 (45%)
  aguardando 22000ms (quota)...
  14100/31079 (45%)
  aguardando 22000ms (quota)...
  14200/31079 (46%)
  aguardando 22000ms (quota)...
  14300/31079 (46%)
  aguardando 22000ms (quota)...
  14400/31079 (46%)
  aguardando 22000ms (quota)...
  14500/31079 (47%)
  aguardando 22000ms (quota)...
  14600/31079 (47%)
  aguardando 22000ms (quota)...
  14700/31079 (47%)
  aguardando 22000ms (quota)...
  14800/31079 (48%)
  aguardando 22000ms (quota)...
  14900/31079 (48%)
  aguardando 22000ms (quota)...
  15000/31079 (48%)
  aguardando 22000ms (quota)...
  15100/31079 (49%)
  aguardando 22000ms (quota)...
  15200/31079 (49%)
  aguardando 22000ms (quota)...
  15300/31079 (49%)
  aguardando 22000ms (quota)...
  15400/31079 (50%)
  aguardando 22000ms (quota)...
  15500/31079 (50%)
  aguardando 22000ms (quota)...
  15600/31079 (50%)
  aguardando 22000ms (quota)...
  15700/31079 (51%)
  aguardando 22000ms (quota)...
  15800/31079 (51%)
  aguardando 22000ms (quota)...
  15900/31079 (51%)
  aguardando 22000ms (quota)...
  16000/31079 (51%)
  aguardando 22000ms (quota)...
  16100/31079 (52%)
  aguardando 22000ms (quota)...
  16200/31079 (52%)
  aguardando 22000ms (quota)...
  16300/31079 (52%)
  aguardando 22000ms (quota)...
  16400/31079 (53%)
  aguardando 22000ms (quota)...
  16500/31079 (53%)
  aguardando 22000ms (quota)...
  16600/31079 (53%)
  aguardando 22000ms (quota)...
  16700/31079 (54%)
  aguardando 22000ms (quota)...
  16800/31079 (54%)
  aguardando 22000ms (quota)...
  16900/31079 (54%)
  aguardando 22000ms (quota)...
  17000/31079 (55%)
  aguardando 22000ms (quota)...
  17100/31079 (55%)
  aguardando 22000ms (quota)...
  17200/31079 (55%)
  aguardando 22000ms (quota)...
  17300/31079 (56%)
  aguardando 22000ms (quota)...
  17400/31079 (56%)
  aguardando 22000ms (quota)...
  17500/31079 (56%)
  aguardando 22000ms (quota)...
  17600/31079 (57%)
  aguardando 22000ms (quota)...
  17700/31079 (57%)
  aguardando 22000ms (quota)...
  17800/31079 (57%)
  aguardando 22000ms (quota)...
  17900/31079 (58%)
  aguardando 22000ms (quota)...
  18000/31079 (58%)
  aguardando 22000ms (quota)...
  18100/31079 (58%)
  aguardando 22000ms (quota)...
  18200/31079 (59%)
  aguardando 22000ms (quota)...
  18300/31079 (59%)
  aguardando 22000ms (quota)...
  18400/31079 (59%)
  aguardando 22000ms (quota)...
  18500/31079 (60%)
  aguardando 22000ms (quota)...
  18600/31079 (60%)
  aguardando 22000ms (quota)...
  18700/31079 (60%)
  aguardando 22000ms (quota)...
  18800/31079 (60%)
  aguardando 22000ms (quota)...
  18900/31079 (61%)
  aguardando 22000ms (quota)...
  19000/31079 (61%)
  aguardando 22000ms (quota)...
  19100/31079 (61%)
  aguardando 22000ms (quota)...
  19200/31079 (62%)
  aguardando 22000ms (quota)...
  19300/31079 (62%)
  aguardando 22000ms (quota)...
  19400/31079 (62%)
  aguardando 22000ms (quota)...
  19500/31079 (63%)
  aguardando 22000ms (quota)...
  19600/31079 (63%)
  aguardando 22000ms (quota)...
  19700/31079 (63%)
  aguardando 22000ms (quota)...
  19800/31079 (64%)
  aguardando 22000ms (quota)...
  19900/31079 (64%)
  aguardando 22000ms (quota)...
  20000/31079 (64%)
  aguardando 22000ms (quota)...
  20100/31079 (65%)
  aguardando 22000ms (quota)...
  20200/31079 (65%)
  aguardando 22000ms (quota)...
  20300/31079 (65%)
  aguardando 22000ms (quota)...
  20400/31079 (66%)
  aguardando 22000ms (quota)...
  20500/31079 (66%)
  aguardando 22000ms (quota)...
  20600/31079 (66%)
  aguardando 22000ms (quota)...
  20700/31079 (67%)
  aguardando 22000ms (quota)...
  20800/31079 (67%)
  aguardando 22000ms (quota)...
  20900/31079 (67%)
  aguardando 22000ms (quota)...
  21000/31079 (68%)
  aguardando 22000ms (quota)...
  21100/31079 (68%)
  aguardando 22000ms (quota)...
  21200/31079 (68%)
  aguardando 22000ms (quota)...
  21300/31079 (69%)
  aguardando 22000ms (quota)...
  21400/31079 (69%)
  aguardando 22000ms (quota)...
  21500/31079 (69%)
  aguardando 22000ms (quota)...
  21600/31079 (70%)
  aguardando 22000ms (quota)...
  21700/31079 (70%)
  aguardando 22000ms (quota)...
  21800/31079 (70%)
  aguardando 22000ms (quota)...
  21900/31079 (70%)
  aguardando 22000ms (quota)...
  22000/31079 (71%)
  aguardando 22000ms (quota)...
  22100/31079 (71%)
  aguardando 22000ms (quota)...
  22200/31079 (71%)
  aguardando 22000ms (quota)...
  22300/31079 (72%)
  aguardando 22000ms (quota)...
  22400/31079 (72%)
  aguardando 22000ms (quota)...
  22500/31079 (72%)
  aguardando 22000ms (quota)...
  22600/31079 (73%)
  aguardando 22000ms (quota)...
  22700/31079 (73%)
  aguardando 22000ms (quota)...
  22800/31079 (73%)
  aguardando 22000ms (quota)...
  22900/31079 (74%)
  aguardando 22000ms (quota)...
  23000/31079 (74%)
  aguardando 22000ms (quota)...
  23100/31079 (74%)
  aguardando 22000ms (quota)...
  23200/31079 (75%)
  aguardando 22000ms (quota)...
  23300/31079 (75%)
  aguardando 22000ms (quota)...
  23400/31079 (75%)
  aguardando 22000ms (quota)...
  23500/31079 (76%)
  aguardando 22000ms (quota)...
  23600/31079 (76%)
  aguardando 22000ms (quota)...
  23700/31079 (76%)
  aguardando 22000ms (quota)...
  23800/31079 (77%)
  aguardando 22000ms (quota)...
  23900/31079 (77%)
  aguardando 22000ms (quota)...
  24000/31079 (77%)
  aguardando 22000ms (quota)...
  24100/31079 (78%)
  aguardando 22000ms (quota)...
  24200/31079 (78%)
  aguardando 22000ms (quota)...
  24300/31079 (78%)
  aguardando 22000ms (quota)...
  24400/31079 (79%)
  aguardando 22000ms (quota)...
  24500/31079 (79%)
  aguardando 22000ms (quota)...
  24600/31079 (79%)
  aguardando 22000ms (quota)...
  24700/31079 (79%)
  aguardando 22000ms (quota)...
  24800/31079 (80%)
  aguardando 22000ms (quota)...
  24900/31079 (80%)
  aguardando 22000ms (quota)...
  25000/31079 (80%)
  aguardando 22000ms (quota)...
  25100/31079 (81%)
  aguardando 22000ms (quota)...
  25200/31079 (81%)
  aguardando 22000ms (quota)...
  25300/31079 (81%)
  aguardando 22000ms (quota)...
  25400/31079 (82%)
  aguardando 22000ms (quota)...
  25500/31079 (82%)
  aguardando 22000ms (quota)...
  25600/31079 (82%)
  aguardando 22000ms (quota)...
  25700/31079 (83%)
  aguardando 22000ms (quota)...
  25800/31079 (83%)
  aguardando 22000ms (quota)...
  25900/31079 (83%)
  aguardando 22000ms (quota)...
  26000/31079 (84%)
  aguardando 22000ms (quota)...
  26100/31079 (84%)
  aguardando 22000ms (quota)...
  26200/31079 (84%)
  aguardando 22000ms (quota)...
  26300/31079 (85%)
  aguardando 22000ms (quota)...
  26400/31079 (85%)
  aguardando 22000ms (quota)...
  26500/31079 (85%)
  aguardando 22000ms (quota)...
  26600/31079 (86%)
  aguardando 22000ms (quota)...
  26700/31079 (86%)
  aguardando 22000ms (quota)...
  26800/31079 (86%)
  aguardando 22000ms (quota)...
  26900/31079 (87%)
  aguardando 22000ms (quota)...
  27000/31079 (87%)
  aguardando 22000ms (quota)...
  27100/31079 (87%)
  aguardando 22000ms (quota)...
  27200/31079 (88%)
  aguardando 22000ms (quota)...
  27300/31079 (88%)
  aguardando 22000ms (quota)...
  27400/31079 (88%)
  aguardando 22000ms (quota)...
  27500/31079 (88%)
  aguardando 22000ms (quota)...
  27600/31079 (89%)
  aguardando 22000ms (quota)...
  27700/31079 (89%)
  aguardando 22000ms (quota)...
  27800/31079 (89%)
  aguardando 22000ms (quota)...
  27900/31079 (90%)
  aguardando 22000ms (quota)...
  28000/31079 (90%)
  aguardando 22000ms (quota)...
  28100/31079 (90%)
  aguardando 22000ms (quota)...
  28200/31079 (91%)
  aguardando 22000ms (quota)...
  28300/31079 (91%)
  aguardando 22000ms (quota)...
  28400/31079 (91%)
  aguardando 22000ms (quota)...
  28500/31079 (92%)
  aguardando 22000ms (quota)...
  28600/31079 (92%)
  aguardando 22000ms (quota)...
